// Jest Snapshot v1, https://goo.gl/fbAQLP

exports[`<Button /> renders matching snapshot 1`] = `
<DocumentFragment>
  <button
    class="dc-c-button dc-c-button--primary"
  >
    Test Button
  </button>
</DocumentFragment>
`;
